[2026-08-19 05:58:03] [INFO    ] discord.client: logging in using static token
INFO:discord.client:logging in using static token
[2026-08-19 05:58:04] [INFO    ] discord.gateway: Shard ID None has connected to Gateway (Session ID: 52720743481eec431a7b56fc8f3ba21c).
INFO:discord.gateway:Shard ID None has connected to Gateway (Session ID: 52720743481eec431a7b56fc8f3ba21c).
INFO:music:Logged in as Music Application#1093 — in 25 server(s).
[2026-08-19 06:39:06] [INFO    ] discord.gateway: Shard ID None has successfully RESUMED session 52720743481eec431a7b56fc8f3ba21c.
INFO:discord.gateway:Shard ID None has successfully RESUMED session 52720743481eec431a7b56fc8f3ba21c.
[2026-08-19 09:15:35] [INFO    ] discord.gateway: Shard ID None has successfully RESUMED session 52720743481eec431a7b56fc8f3ba21c.
INFO:discord.gateway:Shard ID None has successfully RESUMED session 52720743481eec431a7b56fc8f3ba21c.
[2026-08-19 11:20:14] [INFO    ] discord.gateway: Shard ID None has successfully RESUMED session 52720743481eec431a7b56fc8f3ba21c.
INFO:discord.gateway:Shard ID None has successfully RESUMED session 52720743481eec431a7b56fc8f3ba21c.
[2026-08-19 11:48:50] [INFO    ] discord.gateway: Shard ID None has successfully RESUMED session 52720743481eec431a7b56fc8f3ba21c.
INFO:discord.gateway:Shard ID None has successfully RESUMED session 52720743481eec431a7b56fc8f3ba21c.
[2026-08-19 14:22:47] [INFO    ] discord.gateway: Shard ID None has successfully RESUMED session 52720743481eec431a7b56fc8f3ba21c.
INFO:discord.gateway:Shard ID None has successfully RESUMED session 52720743481eec431a7b56fc8f3ba21c.
[2026-08-19 16:56:26] [INFO    ] discord.gateway: Shard ID None has successfully RESUMED session 52720743481eec431a7b56fc8f3ba21c.
INFO:discord.gateway:Shard ID None has successfully RESUMED session 52720743481eec431a7b56fc8f3ba21c.
[2026-08-19 17:31:29] [INFO    ] discord.gateway: Shard ID None has successfully RESUMED session 52720743481eec431a7b56fc8f3ba21c.
INFO:discord.gateway:Shard ID None has successfully RESUMED session 52720743481eec431a7b56fc8f3ba21c.
[2026-08-19 18:19:58] [INFO    ] discord.gateway: Shard ID None has successfully RESUMED session 52720743481eec431a7b56fc8f3ba21c.
INFO:discord.gateway:Shard ID None has successfully RESUMED session 52720743481eec431a7b56fc8f3ba21c.
[2026-08-19 19:20:56] [INFO    ] discord.gateway: Shard ID None has successfully RESUMED session 52720743481eec431a7b56fc8f3ba21c.
INFO:discord.gateway:Shard ID None has successfully RESUMED session 52720743481eec431a7b56fc8f3ba21c.
[2026-08-19 19:45:01] [INFO    ] discord.gateway: Shard ID None has successfully RESUMED session 52720743481eec431a7b56fc8f3ba21c.
INFO:discord.gateway:Shard ID None has successfully RESUMED session 52720743481eec431a7b56fc8f3ba21c.
[2026-08-19 20:00:08] [INFO    ] discord.gateway: Shard ID None has successfully RESUMED session 52720743481eec431a7b56fc8f3ba21c.
INFO:discord.gateway:Shard ID None has successfully RESUMED session 52720743481eec431a7b56fc8f3ba21c.
[2026-08-19 20:42:06] [INFO    ] discord.gateway: Shard ID None has successfully RESUMED session 52720743481eec431a7b56fc8f3ba21c.
INFO:discord.gateway:Shard ID None has successfully RESUMED session 52720743481eec431a7b56fc8f3ba21c.
[2026-08-19 23:21:05] [INFO    ] discord.voice_state: Connecting to voice...
INFO:discord.voice_state:Connecting to voice...
[2026-08-19 23:21:05] [INFO    ] discord.voice_state: Starting voice handshake... (connection attempt 1)
INFO:discord.voice_state:Starting voice handshake... (connection attempt 1)
[2026-08-19 23:21:06] [INFO    ] discord.voice_state: Voice handshake complete. Endpoint found: c-mrs01-a23b08c0.discord.media:2087
INFO:discord.voice_state:Voice handshake complete. Endpoint found: c-mrs01-a23b08c0.discord.media:2087
[2026-08-19 23:21:06] [INFO    ] discord.voice_state: Voice connection complete.
INFO:discord.voice_state:Voice connection complete.
ERROR: [youtube] 2nimPTgkI0A: Sign in to confirm you’re not a bot. Use --cookies-from-browser or --cookies for the authentication. See  https://github.com/yt-dlp/yt-dlp/wiki/FAQ#how-do-i-pass-cookies-to-yt-dlp  for how to manually pass cookies. Also see  https://github.com/yt-dlp/yt-dlp/wiki/Extractors#exporting-youtube-cookies  for tips on effectively exporting YouTube cookies
[2026-08-19 23:26:06] [INFO    ] discord.voice_state: The voice handshake is being terminated for Channel ID 979799556969623642 (Guild ID 979798847171739678)
INFO:discord.voice_state:The voice handshake is being terminated for Channel ID 979799556969623642 (Guild ID 979798847171739678)
INFO:music.player:player for guild 979798847171739678 torn down (idle)
[2026-08-19 23:57:53] [INFO    ] discord.gateway: Shard ID None has successfully RESUMED session 52720743481eec431a7b56fc8f3ba21c.
INFO:discord.gateway:Shard ID None has successfully RESUMED session 52720743481eec431a7b56fc8f3ba21c.
[2026-08-20 01:40:27] [INFO    ] discord.gateway: Shard ID None has successfully RESUMED session 52720743481eec431a7b56fc8f3ba21c.
INFO:discord.gateway:Shard ID None has successfully RESUMED session 52720743481eec431a7b56fc8f3ba21c.
[2026-08-20 02:41:15] [INFO    ] discord.gateway: Shard ID None has successfully RESUMED session 52720743481eec431a7b56fc8f3ba21c.
INFO:discord.gateway:Shard ID None has successfully RESUMED session 52720743481eec431a7b56fc8f3ba21c.
[2026-08-20 02:58:01] [INFO    ] discord.gateway: Shard ID None has successfully RESUMED session 52720743481eec431a7b56fc8f3ba21c.
INFO:discord.gateway:Shard ID None has successfully RESUMED session 52720743481eec431a7b56fc8f3ba21c.
[2026-08-20 03:20:15] [INFO    ] discord.gateway: Shard ID None has successfully RESUMED session 52720743481eec431a7b56fc8f3ba21c.
INFO:discord.gateway:Shard ID None has successfully RESUMED session 52720743481eec431a7b56fc8f3ba21c.
[2026-08-20 03:50:42] [INFO    ] discord.gateway: Shard ID None has successfully RESUMED session 52720743481eec431a7b56fc8f3ba21c.
INFO:discord.gateway:Shard ID None has successfully RESUMED session 52720743481eec431a7b56fc8f3ba21c.
[2026-08-20 05:19:41] [INFO    ] discord.gateway: Shard ID None has successfully RESUMED session 52720743481eec431a7b56fc8f3ba21c.
INFO:discord.gateway:Shard ID None has successfully RESUMED session 52720743481eec431a7b56fc8f3ba21c.
[2026-08-20 08:11:01] [INFO    ] discord.gateway: Shard ID None has successfully RESUMED session 52720743481eec431a7b56fc8f3ba21c.
INFO:discord.gateway:Shard ID None has successfully RESUMED session 52720743481eec431a7b56fc8f3ba21c.
[2026-08-20 11:42:22] [INFO    ] discord.gateway: Shard ID None has successfully RESUMED session 52720743481eec431a7b56fc8f3ba21c.
INFO:discord.gateway:Shard ID None has successfully RESUMED session 52720743481eec431a7b56fc8f3ba21c.
[2026-08-20 12:56:54] [INFO    ] discord.gateway: Shard ID None has successfully RESUMED session 52720743481eec431a7b56fc8f3ba21c.
INFO:discord.gateway:Shard ID None has successfully RESUMED session 52720743481eec431a7b56fc8f3ba21c.
[2026-08-20 13:43:54] [INFO    ] discord.gateway: Shard ID None has successfully RESUMED session 52720743481eec431a7b56fc8f3ba21c.
INFO:discord.gateway:Shard ID None has successfully RESUMED session 52720743481eec431a7b56fc8f3ba21c.
[2026-08-20 16:39:59] [INFO    ] discord.gateway: Shard ID None has successfully RESUMED session 52720743481eec431a7b56fc8f3ba21c.
INFO:discord.gateway:Shard ID None has successfully RESUMED session 52720743481eec431a7b56fc8f3ba21c.
[2026-08-20 20:14:20] [INFO    ] discord.gateway: Shard ID None has successfully RESUMED session 52720743481eec431a7b56fc8f3ba21c.
INFO:discord.gateway:Shard ID None has successfully RESUMED session 52720743481eec431a7b56fc8f3ba21c.
[2026-08-20 23:37:32] [INFO    ] discord.gateway: Shard ID None has successfully RESUMED session 52720743481eec431a7b56fc8f3ba21c.
INFO:discord.gateway:Shard ID None has successfully RESUMED session 52720743481eec431a7b56fc8f3ba21c.
[2026-08-21 00:50:16] [INFO    ] discord.gateway: Shard ID None has successfully RESUMED session 52720743481eec431a7b56fc8f3ba21c.
INFO:discord.gateway:Shard ID None has successfully RESUMED session 52720743481eec431a7b56fc8f3ba21c.
[2026-08-21 03:07:13] [INFO    ] discord.gateway: Shard ID None has successfully RESUMED session 52720743481eec431a7b56fc8f3ba21c.
INFO:discord.gateway:Shard ID None has successfully RESUMED session 52720743481eec431a7b56fc8f3ba21c.
[2026-08-21 05:59:10] [INFO    ] discord.gateway: Shard ID None has successfully RESUMED session 52720743481eec431a7b56fc8f3ba21c.
INFO:discord.gateway:Shard ID None has successfully RESUMED session 52720743481eec431a7b56fc8f3ba21c.
[2026-08-21 07:46:33] [INFO    ] discord.gateway: Shard ID None has successfully RESUMED session 52720743481eec431a7b56fc8f3ba21c.
INFO:discord.gateway:Shard ID None has successfully RESUMED session 52720743481eec431a7b56fc8f3ba21c.
[2026-08-21 08:16:40] [INFO    ] discord.gateway: Shard ID None has successfully RESUMED session 52720743481eec431a7b56fc8f3ba21c.
INFO:discord.gateway:Shard ID None has successfully RESUMED session 52720743481eec431a7b56fc8f3ba21c.
[2026-08-21 10:06:59] [INFO    ] discord.gateway: Shard ID None has successfully RESUMED session 52720743481eec431a7b56fc8f3ba21c.
INFO:discord.gateway:Shard ID None has successfully RESUMED session 52720743481eec431a7b56fc8f3ba21c.
[2026-08-21 12:51:47] [INFO    ] discord.gateway: Shard ID None has successfully RESUMED session 52720743481eec431a7b56fc8f3ba21c.
INFO:discord.gateway:Shard ID None has successfully RESUMED session 52720743481eec431a7b56fc8f3ba21c.
[2026-08-21 15:42:44] [INFO    ] discord.gateway: Shard ID None has successfully RESUMED session 52720743481eec431a7b56fc8f3ba21c.
INFO:discord.gateway:Shard ID None has successfully RESUMED session 52720743481eec431a7b56fc8f3ba21c.
[2026-08-21 16:10:36] [INFO    ] discord.gateway: Shard ID None has successfully RESUMED session 52720743481eec431a7b56fc8f3ba21c.
INFO:discord.gateway:Shard ID None has successfully RESUMED session 52720743481eec431a7b56fc8f3ba21c.
[2026-08-21 18:14:45] [INFO    ] discord.gateway: Shard ID None has successfully RESUMED session 52720743481eec431a7b56fc8f3ba21c.
INFO:discord.gateway:Shard ID None has successfully RESUMED session 52720743481eec431a7b56fc8f3ba21c.
[2026-08-21 20:50:55] [INFO    ] discord.gateway: Shard ID None has successfully RESUMED session 52720743481eec431a7b56fc8f3ba21c.
INFO:discord.gateway:Shard ID None has successfully RESUMED session 52720743481eec431a7b56fc8f3ba21c.
[2026-08-21 21:52:11] [INFO    ] discord.gateway: Shard ID None has successfully RESUMED session 52720743481eec431a7b56fc8f3ba21c.
INFO:discord.gateway:Shard ID None has successfully RESUMED session 52720743481eec431a7b56fc8f3ba21c.
[2026-08-21 23:28:50] [INFO    ] discord.gateway: Shard ID None has successfully RESUMED session 52720743481eec431a7b56fc8f3ba21c.
INFO:discord.gateway:Shard ID None has successfully RESUMED session 52720743481eec431a7b56fc8f3ba21c.
[2026-08-21 23:55:04] [INFO    ] discord.gateway: Shard ID None has successfully RESUMED session 52720743481eec431a7b56fc8f3ba21c.
INFO:discord.gateway:Shard ID None has successfully RESUMED session 52720743481eec431a7b56fc8f3ba21c.
[2026-08-22 02:13:29] [INFO    ] discord.gateway: Shard ID None has successfully RESUMED session 52720743481eec431a7b56fc8f3ba21c.
INFO:discord.gateway:Shard ID None has successfully RESUMED session 52720743481eec431a7b56fc8f3ba21c.
[2026-08-22 03:24:19] [INFO    ] discord.gateway: Shard ID None has successfully RESUMED session 52720743481eec431a7b56fc8f3ba21c.
INFO:discord.gateway:Shard ID None has successfully RESUMED session 52720743481eec431a7b56fc8f3ba21c.
[2026-08-22 03:58:21] [INFO    ] discord.gateway: Shard ID None has successfully RESUMED session 52720743481eec431a7b56fc8f3ba21c.
INFO:discord.gateway:Shard ID None has successfully RESUMED session 52720743481eec431a7b56fc8f3ba21c.
[2026-08-22 04:52:30] [INFO    ] discord.gateway: Shard ID None has successfully RESUMED session 52720743481eec431a7b56fc8f3ba21c.
INFO:discord.gateway:Shard ID None has successfully RESUMED session 52720743481eec431a7b56fc8f3ba21c.
[2026-08-22 08:32:08] [INFO    ] discord.gateway: Shard ID None has successfully RESUMED session 52720743481eec431a7b56fc8f3ba21c.
INFO:discord.gateway:Shard ID None has successfully RESUMED session 52720743481eec431a7b56fc8f3ba21c.
[2026-08-22 11:17:12] [INFO    ] discord.gateway: Shard ID None has successfully RESUMED session 52720743481eec431a7b56fc8f3ba21c.
INFO:discord.gateway:Shard ID None has successfully RESUMED session 52720743481eec431a7b56fc8f3ba21c.
[2026-08-22 13:12:34] [INFO    ] discord.gateway: Shard ID None has successfully RESUMED session 52720743481eec431a7b56fc8f3ba21c.
INFO:discord.gateway:Shard ID None has successfully RESUMED session 52720743481eec431a7b56fc8f3ba21c.
[2026-08-22 14:13:06] [INFO    ] discord.gateway: Shard ID None has successfully RESUMED session 52720743481eec431a7b56fc8f3ba21c.
INFO:discord.gateway:Shard ID None has successfully RESUMED session 52720743481eec431a7b56fc8f3ba21c.
